// Jest Snapshot v1, https://goo.gl/fbAQLP

exports[`image upload has successful result A 1`] = `"A"`;
